============================= test session starts ==============================
platform linux -- Python 3.12.12, pytest-9.0.2, pluggy-1.6.0 -- /home/jules/.pyenv/versions/3.12.12/bin/python
cachedir: .pytest_cache
rootdir: /app
configfile: pyproject.toml
plugins: factoryboy-2.8.1, cov-7.0.0, Faker-40.1.2, anyio-4.12.1
collecting ... collected 1 item

tests/api/test_content_api.py::TestListContents::test_list_contents_empty ERROR [100%]

==================================== ERRORS ====================================
_________ ERROR at setup of TestListContents.test_list_contents_empty __________

self = <sqlalchemy.engine.base.Connection object at 0x7fd3a2746660>
engine = Engine(postgresql://newsletter_user:***@localhost/newsletters_test)
connection = None, _has_events = None, _allow_revalidate = True
_allow_autobegin = True

    def __init__(
        self,
        engine: Engine,
        connection: Optional[PoolProxiedConnection] = None,
        _has_events: Optional[bool] = None,
        _allow_revalidate: bool = True,
        _allow_autobegin: bool = True,
    ):
        """Construct a new Connection."""
        self.engine = engine
        self.dialect = dialect = engine.dialect

        if connection is None:
            try:
>               self._dbapi_connection = engine.raw_connection()
                                         ^^^^^^^^^^^^^^^^^^^^^^^

/home/jules/.pyenv/versions/3.12.12/lib/python3.12/site-packages/sqlalchemy/engine/base.py:143:
_ _ _ _ _ _ _ _ _ _ _ _ _ _ _ _ _ _ _ _ _ _ _ _ _ _ _ _ _ _ _ _ _ _ _ _ _ _ _ _
/home/jules/.pyenv/versions/3.12.12/lib/python3.12/site-packages/sqlalchemy/engine/base.py:3309: in raw_connection
    return self.pool.connect()
           ^^^^^^^^^^^^^^^^^^^
/home/jules/.pyenv/versions/3.12.12/lib/python3.12/site-packages/sqlalchemy/pool/base.py:447: in connect
    return _ConnectionFairy._checkout(self)
           ^^^^^^^^^^^^^^^^^^^^^^^^^^^^^^^^
/home/jules/.pyenv/versions/3.12.12/lib/python3.12/site-packages/sqlalchemy/pool/base.py:1264: in _checkout
    fairy = _ConnectionRecord.checkout(pool)
            ^^^^^^^^^^^^^^^^^^^^^^^^^^^^^^^^
/home/jules/.pyenv/versions/3.12.12/lib/python3.12/site-packages/sqlalchemy/pool/base.py:711: in checkout
    rec = pool._do_get()
          ^^^^^^^^^^^^^^
/home/jules/.pyenv/versions/3.12.12/lib/python3.12/site-packages/sqlalchemy/pool/impl.py:177: in _do_get
    with util.safe_reraise():
         ^^^^^^^^^^^^^^^^^^^
/home/jules/.pyenv/versions/3.12.12/lib/python3.12/site-packages/sqlalchemy/util/langhelpers.py:224: in __exit__
    raise exc_value.with_traceback(exc_tb)
/home/jules/.pyenv/versions/3.12.12/lib/python3.12/site-packages/sqlalchemy/pool/impl.py:175: in _do_get
    return self._create_connection()
           ^^^^^^^^^^^^^^^^^^^^^^^^^
/home/jules/.pyenv/versions/3.12.12/lib/python3.12/site-packages/sqlalchemy/pool/base.py:388: in _create_connection
    return _ConnectionRecord(self)
           ^^^^^^^^^^^^^^^^^^^^^^^
/home/jules/.pyenv/versions/3.12.12/lib/python3.12/site-packages/sqlalchemy/pool/base.py:673: in __init__
    self.__connect()
/home/jules/.pyenv/versions/3.12.12/lib/python3.12/site-packages/sqlalchemy/pool/base.py:899: in __connect
    with util.safe_reraise():
         ^^^^^^^^^^^^^^^^^^^
/home/jules/.pyenv/versions/3.12.12/lib/python3.12/site-packages/sqlalchemy/util/langhelpers.py:224: in __exit__
    raise exc_value.with_traceback(exc_tb)
/home/jules/.pyenv/versions/3.12.12/lib/python3.12/site-packages/sqlalchemy/pool/base.py:895: in __connect
    self.dbapi_connection = connection = pool._invoke_creator(self)
                                         ^^^^^^^^^^^^^^^^^^^^^^^^^^
/home/jules/.pyenv/versions/3.12.12/lib/python3.12/site-packages/sqlalchemy/engine/create.py:661: in connect
    return dialect.connect(*cargs, **cparams)
           ^^^^^^^^^^^^^^^^^^^^^^^^^^^^^^^^^^
/home/jules/.pyenv/versions/3.12.12/lib/python3.12/site-packages/sqlalchemy/engine/default.py:630: in connect
    return self.loaded_dbapi.connect(*cargs, **cparams)  # type: ignore[no-any-return]  # NOQA: E501
           ^^^^^^^^^^^^^^^^^^^^^^^^^^^^^^^^^^^^^^^^^^^^
_ _ _ _ _ _ _ _ _ _ _ _ _ _ _ _ _ _ _ _ _ _ _ _ _ _ _ _ _ _ _ _ _ _ _ _ _ _ _ _

dsn = 'host=localhost dbname=newsletters_test user=newsletter_user password=newsletter_password'
connection_factory = None, cursor_factory = None
kwargs = {'dbname': 'newsletters_test', 'host': 'localhost', 'password': 'newsletter_password', 'user': 'newsletter_user'}
kwasync = {}

    def connect(dsn=None, connection_factory=None, cursor_factory=None, **kwargs):
        """
        Create a new database connection.

        The connection parameters can be specified as a string:

            conn = psycopg2.connect("dbname=test user=postgres password=secret")

        or using a set of keyword arguments:

            conn = psycopg2.connect(database="test", user="postgres", password="secret")

        Or as a mix of both. The basic connection parameters are:

        - *dbname*: the database name
        - *database*: the database name (only as keyword argument)
        - *user*: user name used to authenticate
        - *password*: password used to authenticate
        - *host*: database host address (defaults to UNIX socket if not provided)
        - *port*: connection port number (defaults to 5432 if not provided)

        Using the *connection_factory* parameter a different class or connections
        factory can be specified. It should be a callable object taking a dsn
        argument.

        Using the *cursor_factory* parameter, a new default cursor factory will be
        used by cursor().

        Using *async*=True an asynchronous connection will be created. *async_* is
        a valid alias (for Python versions where ``async`` is a keyword).

        Any other keyword parameter will be passed to the underlying client
        library: the list of supported parameters depends on the library version.

        """
        kwasync = {}
        if 'async' in kwargs:
            kwasync['async'] = kwargs.pop('async')
        if 'async_' in kwargs:
            kwasync['async_'] = kwargs.pop('async_')

        dsn = _ext.make_dsn(dsn, **kwargs)
>       conn = _connect(dsn, connection_factory=connection_factory, **kwasync)
               ^^^^^^^^^^^^^^^^^^^^^^^^^^^^^^^^^^^^^^^^^^^^^^^^^^^^^^^^^^^^^^^
E       psycopg2.OperationalError: connection to server at "localhost" (::1), port 5432 failed: Connection refused
E       	Is the server running on that host and accepting TCP/IP connections?
E       connection to server at "localhost" (127.0.0.1), port 5432 failed: Connection refused
E       	Is the server running on that host and accepting TCP/IP connections?

/home/jules/.pyenv/versions/3.12.12/lib/python3.12/site-packages/psycopg2/__init__.py:122: OperationalError

The above exception was the direct cause of the following exception:

    @pytest.fixture(scope="session")
    def test_db_engine():
        """Create test database engine.

        Uses newsletters_test database (separate from development).
        Drops and recreates all tables at session start for clean state.
        This handles interrupted previous runs that left stale data.
        """
        engine = create_engine(TEST_DATABASE_URL, echo=False)

        # Verify we're using test database (safety check)
        db_name = engine.url.database
        if not db_name or "test" not in db_name.lower():
            raise ValueError(
                f"Safety check failed: Database '{db_name}' does not contain 'test'. "
                f"Set TEST_DATABASE_URL to a test database to proceed."
            )

        # Drop all tables first for clean state (handles interrupted previous runs)
>       Base.metadata.drop_all(engine)

tests/api/conftest.py:63:
_ _ _ _ _ _ _ _ _ _ _ _ _ _ _ _ _ _ _ _ _ _ _ _ _ _ _ _ _ _ _ _ _ _ _ _ _ _ _ _
/home/jules/.pyenv/versions/3.12.12/lib/python3.12/site-packages/sqlalchemy/sql/schema.py:5956: in drop_all
    bind._run_ddl_visitor(
/home/jules/.pyenv/versions/3.12.12/lib/python3.12/site-packages/sqlalchemy/engine/base.py:3259: in _run_ddl_visitor
    with self.begin() as conn:
         ^^^^^^^^^^^^
/home/jules/.pyenv/versions/3.12.12/lib/python3.12/contextlib.py:137: in __enter__
    return next(self.gen)
           ^^^^^^^^^^^^^^
/home/jules/.pyenv/versions/3.12.12/lib/python3.12/site-packages/sqlalchemy/engine/base.py:3249: in begin
    with self.connect() as conn:
         ^^^^^^^^^^^^^^
/home/jules/.pyenv/versions/3.12.12/lib/python3.12/site-packages/sqlalchemy/engine/base.py:3285: in connect
    return self._connection_cls(self)
           ^^^^^^^^^^^^^^^^^^^^^^^^^^
/home/jules/.pyenv/versions/3.12.12/lib/python3.12/site-packages/sqlalchemy/engine/base.py:145: in __init__
    Connection._handle_dbapi_exception_noconnection(
/home/jules/.pyenv/versions/3.12.12/lib/python3.12/site-packages/sqlalchemy/engine/base.py:2448: in _handle_dbapi_exception_noconnection
    raise sqlalchemy_exception.with_traceback(exc_info[2]) from e
/home/jules/.pyenv/versions/3.12.12/lib/python3.12/site-packages/sqlalchemy/engine/base.py:143: in __init__
    self._dbapi_connection = engine.raw_connection()
                             ^^^^^^^^^^^^^^^^^^^^^^^
/home/jules/.pyenv/versions/3.12.12/lib/python3.12/site-packages/sqlalchemy/engine/base.py:3309: in raw_connection
    return self.pool.connect()
           ^^^^^^^^^^^^^^^^^^^
/home/jules/.pyenv/versions/3.12.12/lib/python3.12/site-packages/sqlalchemy/pool/base.py:447: in connect
    return _ConnectionFairy._checkout(self)
           ^^^^^^^^^^^^^^^^^^^^^^^^^^^^^^^^
/home/jules/.pyenv/versions/3.12.12/lib/python3.12/site-packages/sqlalchemy/pool/base.py:1264: in _checkout
    fairy = _ConnectionRecord.checkout(pool)
            ^^^^^^^^^^^^^^^^^^^^^^^^^^^^^^^^
/home/jules/.pyenv/versions/3.12.12/lib/python3.12/site-packages/sqlalchemy/pool/base.py:711: in checkout
    rec = pool._do_get()
          ^^^^^^^^^^^^^^
/home/jules/.pyenv/versions/3.12.12/lib/python3.12/site-packages/sqlalchemy/pool/impl.py:177: in _do_get
    with util.safe_reraise():
         ^^^^^^^^^^^^^^^^^^^
/home/jules/.pyenv/versions/3.12.12/lib/python3.12/site-packages/sqlalchemy/util/langhelpers.py:224: in __exit__
    raise exc_value.with_traceback(exc_tb)
/home/jules/.pyenv/versions/3.12.12/lib/python3.12/site-packages/sqlalchemy/pool/impl.py:175: in _do_get
    return self._create_connection()
           ^^^^^^^^^^^^^^^^^^^^^^^^^
/home/jules/.pyenv/versions/3.12.12/lib/python3.12/site-packages/sqlalchemy/pool/base.py:388: in _create_connection
    return _ConnectionRecord(self)
           ^^^^^^^^^^^^^^^^^^^^^^^
/home/jules/.pyenv/versions/3.12.12/lib/python3.12/site-packages/sqlalchemy/pool/base.py:673: in __init__
    self.__connect()
/home/jules/.pyenv/versions/3.12.12/lib/python3.12/site-packages/sqlalchemy/pool/base.py:899: in __connect
    with util.safe_reraise():
         ^^^^^^^^^^^^^^^^^^^
/home/jules/.pyenv/versions/3.12.12/lib/python3.12/site-packages/sqlalchemy/util/langhelpers.py:224: in __exit__
    raise exc_value.with_traceback(exc_tb)
/home/jules/.pyenv/versions/3.12.12/lib/python3.12/site-packages/sqlalchemy/pool/base.py:895: in __connect
    self.dbapi_connection = connection = pool._invoke_creator(self)
                                         ^^^^^^^^^^^^^^^^^^^^^^^^^^
/home/jules/.pyenv/versions/3.12.12/lib/python3.12/site-packages/sqlalchemy/engine/create.py:661: in connect
    return dialect.connect(*cargs, **cparams)
           ^^^^^^^^^^^^^^^^^^^^^^^^^^^^^^^^^^
/home/jules/.pyenv/versions/3.12.12/lib/python3.12/site-packages/sqlalchemy/engine/default.py:630: in connect
    return self.loaded_dbapi.connect(*cargs, **cparams)  # type: ignore[no-any-return]  # NOQA: E501
           ^^^^^^^^^^^^^^^^^^^^^^^^^^^^^^^^^^^^^^^^^^^^
_ _ _ _ _ _ _ _ _ _ _ _ _ _ _ _ _ _ _ _ _ _ _ _ _ _ _ _ _ _ _ _ _ _ _ _ _ _ _ _

dsn = 'host=localhost dbname=newsletters_test user=newsletter_user password=newsletter_password'
connection_factory = None, cursor_factory = None
kwargs = {'dbname': 'newsletters_test', 'host': 'localhost', 'password': 'newsletter_password', 'user': 'newsletter_user'}
kwasync = {}

    def connect(dsn=None, connection_factory=None, cursor_factory=None, **kwargs):
        """
        Create a new database connection.

        The connection parameters can be specified as a string:

            conn = psycopg2.connect("dbname=test user=postgres password=secret")

        or using a set of keyword arguments:

            conn = psycopg2.connect(database="test", user="postgres", password="secret")

        Or as a mix of both. The basic connection parameters are:

        - *dbname*: the database name
        - *database*: the database name (only as keyword argument)
        - *user*: user name used to authenticate
        - *password*: password used to authenticate
        - *host*: database host address (defaults to UNIX socket if not provided)
        - *port*: connection port number (defaults to 5432 if not provided)

        Using the *connection_factory* parameter a different class or connections
        factory can be specified. It should be a callable object taking a dsn
        argument.

        Using the *cursor_factory* parameter, a new default cursor factory will be
        used by cursor().

        Using *async*=True an asynchronous connection will be created. *async_* is
        a valid alias (for Python versions where ``async`` is a keyword).

        Any other keyword parameter will be passed to the underlying client
        library: the list of supported parameters depends on the library version.

        """
        kwasync = {}
        if 'async' in kwargs:
            kwasync['async'] = kwargs.pop('async')
        if 'async_' in kwargs:
            kwasync['async_'] = kwargs.pop('async_')

        dsn = _ext.make_dsn(dsn, **kwargs)
>       conn = _connect(dsn, connection_factory=connection_factory, **kwasync)
               ^^^^^^^^^^^^^^^^^^^^^^^^^^^^^^^^^^^^^^^^^^^^^^^^^^^^^^^^^^^^^^^
E       sqlalchemy.exc.OperationalError: (psycopg2.OperationalError) connection to server at "localhost" (::1), port 5432 failed: Connection refused
E       	Is the server running on that host and accepting TCP/IP connections?
E       connection to server at "localhost" (127.0.0.1), port 5432 failed: Connection refused
E       	Is the server running on that host and accepting TCP/IP connections?
E
E       (Background on this error at: https://sqlalche.me/e/20/e3q8)

/home/jules/.pyenv/versions/3.12.12/lib/python3.12/site-packages/psycopg2/__init__.py:122: OperationalError
=============================== warnings summary ===============================
src/api/chat_routes.py:43
  /app/src/api/chat_routes.py:43: PydanticDeprecatedSince20: Support for class-based `config` is deprecated, use ConfigDict instead. Deprecated in Pydantic V2.0 to be removed in V3.0. See Pydantic V2 Migration Guide at https://errors.pydantic.dev/2.12/migration/
    class MessageMetadata(BaseModel):

src/api/chat_routes.py:56
  /app/src/api/chat_routes.py:56: PydanticDeprecatedSince20: Support for class-based `config` is deprecated, use ConfigDict instead. Deprecated in Pydantic V2.0 to be removed in V3.0. See Pydantic V2 Migration Guide at https://errors.pydantic.dev/2.12/migration/
    class SuggestedAction(BaseModel):

src/api/chat_routes.py:70
  /app/src/api/chat_routes.py:70: PydanticDeprecatedSince20: Support for class-based `config` is deprecated, use ConfigDict instead. Deprecated in Pydantic V2.0 to be removed in V3.0. See Pydantic V2 Migration Guide at https://errors.pydantic.dev/2.12/migration/
    class ChatMessageResponse(BaseModel):

src/api/chat_routes.py:85
  /app/src/api/chat_routes.py:85: PydanticDeprecatedSince20: Support for class-based `config` is deprecated, use ConfigDict instead. Deprecated in Pydantic V2.0 to be removed in V3.0. See Pydantic V2 Migration Guide at https://errors.pydantic.dev/2.12/migration/
    class ConversationResponse(BaseModel):

src/api/chat_routes.py:102
  /app/src/api/chat_routes.py:102: PydanticDeprecatedSince20: Support for class-based `config` is deprecated, use ConfigDict instead. Deprecated in Pydantic V2.0 to be removed in V3.0. See Pydantic V2 Migration Guide at https://errors.pydantic.dev/2.12/migration/
    class ConversationListItem(BaseModel):

src/api/chat_routes.py:128
  /app/src/api/chat_routes.py:128: PydanticDeprecatedSince20: Support for class-based `config` is deprecated, use ConfigDict instead. Deprecated in Pydantic V2.0 to be removed in V3.0. See Pydantic V2 Migration Guide at https://errors.pydantic.dev/2.12/migration/
    class CreateConversationRequest(BaseModel):

src/api/chat_routes.py:140
  /app/src/api/chat_routes.py:140: PydanticDeprecatedSince20: Support for class-based `config` is deprecated, use ConfigDict instead. Deprecated in Pydantic V2.0 to be removed in V3.0. See Pydantic V2 Migration Guide at https://errors.pydantic.dev/2.12/migration/
    class SendMessageRequest(BaseModel):

src/api/chat_routes.py:151
  /app/src/api/chat_routes.py:151: PydanticDeprecatedSince20: Support for class-based `config` is deprecated, use ConfigDict instead. Deprecated in Pydantic V2.0 to be removed in V3.0. See Pydantic V2 Migration Guide at https://errors.pydantic.dev/2.12/migration/
    class ApplyActionRequest(BaseModel):

../home/jules/.pyenv/versions/3.12.12/lib/python3.12/site-packages/graphiti_core/driver/search_interface/search_interface.py:22
  /home/jules/.pyenv/versions/3.12.12/lib/python3.12/site-packages/graphiti_core/driver/search_interface/search_interface.py:22: PydanticDeprecatedSince20: Support for class-based `config` is deprecated, use ConfigDict instead. Deprecated in Pydantic V2.0 to be removed in V3.0. See Pydantic V2 Migration Guide at https://errors.pydantic.dev/2.12/migration/
    class SearchInterface(BaseModel):

src/api/summary_routes.py:43
  /app/src/api/summary_routes.py:43: PydanticDeprecatedSince20: Support for class-based `config` is deprecated, use ConfigDict instead. Deprecated in Pydantic V2.0 to be removed in V3.0. See Pydantic V2 Migration Guide at https://errors.pydantic.dev/2.12/migration/
    class SummaryListItem(BaseModel):

src/api/summary_routes.py:60
  /app/src/api/summary_routes.py:60: PydanticDeprecatedSince20: Support for class-based `config` is deprecated, use ConfigDict instead. Deprecated in Pydantic V2.0 to be removed in V3.0. See Pydantic V2 Migration Guide at https://errors.pydantic.dev/2.12/migration/
    class SummaryDetail(BaseModel):

src/api/upload_routes.py:31
  /app/src/api/upload_routes.py:31: PydanticDeprecatedSince20: Support for class-based `config` is deprecated, use ConfigDict instead. Deprecated in Pydantic V2.0 to be removed in V3.0. See Pydantic V2 Migration Guide at https://errors.pydantic.dev/2.12/migration/
    class DocumentUploadResponse(BaseModel):

src/api/upload_routes.py:51
  /app/src/api/upload_routes.py:51: PydanticDeprecatedSince20: Support for class-based `config` is deprecated, use ConfigDict instead. Deprecated in Pydantic V2.0 to be removed in V3.0. See Pydantic V2 Migration Guide at https://errors.pydantic.dev/2.12/migration/
    class DocumentStatusResponse(BaseModel):

-- Docs: https://docs.pytest.org/en/stable/how-to/capture-warnings.html
================================ tests coverage ================================
_______________ coverage: platform linux, python 3.12.12-final-0 _______________

Name                                         Stmts   Miss  Cover   Missing
--------------------------------------------------------------------------
src/__init__.py                                  0      0   100%
src/agents/__init__.py                           0      0   100%
src/agents/base.py                              37     37     0%   3-184
src/agents/claude/__init__.py                    2      2     0%   3-5
src/agents/claude/summarizer.py                153    153     0%   3-440
src/api/__init__.py                              0      0   100%
src/api/app.py                                  56     11    80%   37-54, 102
src/api/audio_digest_routes.py                 158    131    17%   54-139, 164-195, 208-215, 242-267, 277-327, 351-355, 379-417, 441-461
src/api/chat_routes.py                         578    433    25%   178-198, 212-217, 240-398, 425-488, 503-522, 559-573, 578-652, 657-726, 731-852, 867-879, 896-911, 923-929, 935-981, 987-996, 1003-1076, 1091-1184, 1198-1248, 1263-1276, 1315-1338
src/api/content_routes.py                      287    197    31%   165-236, 271-296, 311-330, 359-410, 423-451, 469-476, 508-544, 575-580, 590-600, 621-635, 705-780, 794-839, 849-868
src/api/dependencies.py                         13      7    46%   25-44
src/api/digest_routes.py                       377    269    29%   149-222, 227-304, 320-360, 379-399, 416-448, 469-487, 508-534, 575-645, 655-694, 714-752, 767-781, 795-808, 823-843, 866-909
src/api/files_routes.py                         69     54    22%   36-37, 53-83, 110-171, 196-224
src/api/health_routes.py                        38     26    32%   21, 30-65
src/api/middleware/__init__.py                   0      0   100%
src/api/middleware/error_handler.py             25     15    40%   17-26, 42-54
src/api/middleware/telemetry.py                 21     13    38%   29-45
src/api/otel_proxy_routes.py                    53     41    23%   41-125
src/api/podcast_routes.py                      183    114    38%   117-189, 204-224, 246-268, 283-292, 309-322, 354-405, 420-462
src/api/save_routes.py                         129     73    43%   93-111, 120-123, 139-186, 209-256, 270-279, 306-308, 328-330
src/api/script_routes.py                       227    149    34%   110-124, 129-184, 200-213, 231-287, 303-325, 349-351, 375-377, 401-402, 408-410, 437-440, 449-463, 472-477, 492-512, 527-546, 559-569, 582-591, 600-622
src/api/settings_routes.py                      92     62    33%   73-122, 131-159, 180-213, 230-251
src/api/source_routes.py                        41     17    59%   67-74, 92-119
src/api/summary_routes.py                      250    147    41%   169-218, 230-259, 276-282, 294-300, 318-360, 373-389, 400-420, 436-503, 521-559, 567-574
src/api/theme_routes.py                         78     46    41%   78-97, 114-161, 173-187, 199-205, 215-231
src/api/upload_routes.py                       122     68    44%   87-101, 132-221, 231-242, 261-289
src/config/__init__.py                           4      0   100%
src/config/migrate_sources.py                  259    259     0%   11-642
src/config/models.py                           160     62    61%   146-149, 165, 264, 294-296, 311-320, 338-353, 372-373, 385-386, 402, 426-442, 453, 465-467, 475, 486, 517-579, 600-602, 612
src/config/settings.py                         374    124    67%   66, 346, 366-405, 421-423, 430-431, 437-439, 460-466, 486-487, 493, 495-496, 517-519, 524, 529, 534, 542-546, 559-564, 580, 582, 584, 591-602, 613-619, 624-639, 644-654, 669, 679-683, 691-696, 705, 716-733, 746-778, 791-793, 828, 837, 861-865
src/config/sources.py                          161     92    43%   114, 118, 122, 126, 130, 134, 138, 165-166, 171-177, 196-234, 249-273, 292-340, 365-376
src/delivery/__init__.py                         0      0   100%
src/delivery/audio_generator.py                103    103     0%   11-320
src/delivery/audio_generator_v2.py             114    114     0%   11-323
src/delivery/audio_utils.py                     72     66     8%   31-161
src/delivery/dialogue_batcher.py                77     77     0%   8-240
src/delivery/email.py                           29     29     0%   3-74
src/delivery/text_chunker.py                   103     75    27%   78-91, 109-156, 168-186, 198-211, 225-245, 260-270, 284-293, 313-334, 345
src/delivery/tts_service.py                    166    117    30%   81, 112, 120, 136-138, 161-175, 188-189, 193, 209-213, 240-270, 282-314, 318, 322, 336-337, 349, 361, 366, 380-381, 393, 404, 409, 432-439, 453-462, 473-474, 492-493, 511-513, 521, 536-546, 581-637, 671-695
src/ingestion/__init__.py                        5      0   100%
src/ingestion/files.py                          98     75    23%   35-39, 61-63, 89-136, 159-206, 210, 214, 228-256, 279-296, 329-338
src/ingestion/gmail.py                         249    201    19%   73-93, 107-134, 142-143, 147-175, 187-217, 229-235, 248-262, 281-320, 332-425, 438, 459-594
src/ingestion/podcast.py                       212    184    13%   57-105, 113-117, 126-154, 168, 192-294, 309-341, 345-370, 390-443, 455-474
src/ingestion/rss.py                           223    191    14%   45-47, 51-52, 75-130, 149-163, 191-250, 281-291, 307-323, 339-361, 376-387, 391, 395, 408, 437-596, 600
src/ingestion/youtube.py                       470    416    11%   54-57, 72-75, 80, 85-86, 90-100, 104-132, 136-143, 164-193, 212-257, 274-339, 343-346, 350-355, 372-412, 417-424, 437, 460-618, 639-694, 715-765, 774-826, 842, 854-893, 917-1002, 1017-1046, 1054-1107, 1111
src/ingestion/youtube_keyframes.py             242    242     0%   3-625
src/models/__init__.py                          14      0   100%
src/models/audio_digest.py                      69      0   100%
src/models/base.py                               2      0   100%
src/models/chat.py                              39      0   100%
src/models/content.py                          120      1    99%   176
src/models/digest.py                           101      0   100%
src/models/document.py                          43      1    98%   92
src/models/image.py                            129      8    94%   164, 172-174, 178-181
src/models/podcast.py                          128      0   100%
src/models/revision.py                         150    117    22%   26-27, 37-107, 121-227, 248-249, 270-271, 279
src/models/settings.py                          12      1    92%   29
src/models/summary.py                           44      0   100%
src/models/theme.py                             94      0   100%
src/models/youtube.py                          120     63    48%   18-25, 37-45, 60, 66, 70, 97, 103, 107, 111-114, 118, 125-131, 139-175, 179, 206, 212, 218, 222
src/parsers/__init__.py                          6      0   100%
src/parsers/base.py                             16      3    81%   39, 56, 62
src/parsers/docling_parser.py                  147    120    18%   89-92, 97-101, 106, 122-184, 200-201, 212-219, 230-244, 255-302, 313-319, 333-364, 381-398
src/parsers/html_markdown.py                   143    115    20%   64-90, 121-124, 128-136, 140-148, 164-197, 213, 226-260, 271-273, 291-353, 369-394, 413-421
src/parsers/markitdown_parser.py                67     46    31%   82, 87, 103-133, 149-150, 161-172, 184-201, 215-227
src/parsers/router.py                           57     38    33%   66-76, 97-122, 143-153, 164-172, 183-184, 189, 194, 199
src/parsers/youtube_parser.py                   88     66    25%   48, 53, 69-126, 142-146, 157-201, 215-236
src/processors/__init__.py                       0      0   100%
src/processors/audio_digest_generator.py       119     95    20%   55-73, 96-196, 214-223, 241-273, 284-285, 303-315
src/processors/digest_creator.py               307    274    11%   55-73, 88-213, 232-281, 294-309, 330-376, 406-497, 525-652, 670-690, 757-764, 774-891, 902-918, 923-961, 971-987, 1141-1156, 1178-1189, 1193
src/processors/digest_reviser.py               186    162    13%   40-56, 76-124, 153-265, 280-352, 360, 417-465, 478-494, 511-531, 554-580, 588-591
src/processors/digest_text_preparer.py         200    159    20%   63-64, 80-103, 119-125, 139-151, 162-164, 180-185, 199-205, 218-222, 237-260, 272-276, 291-300, 314-322, 334-338, 349, 360, 371, 386-403, 416-506
src/processors/historical_context.py           141    123    13%   38-53, 72-112, 122-181, 197-217, 231-342, 350-364, 373-416
src/processors/podcast_creator.py              149    149     0%   10-461
src/processors/podcast_script_generator.py     296    249    16%   265-299, 313-373, 399-406, 424-510, 528-657, 669-676, 689-753, 773-787, 798-814, 834-842, 858-885, 968-978, 989-1008, 1025-1093, 1113-1135
src/processors/script_reviser.py               158    132    16%   73, 105-136, 157-229, 248-259, 278-297, 360-367, 382-449, 471-546
src/processors/summarizer.py                   128    128     0%   6-319
src/processors/theme_analyzer.py               170    147    14%   47-81, 98-181, 203-218, 234-242, 268-392, 401-432, 436-452, 462, 533-582
src/queue/__init__.py                            2      2     0%   8-14
src/queue/setup.py                              42     42     0%   14-169
src/scripts/__init__.py                          0      0   100%
src/scripts/analyze_markdown_quality.py        123    123     0%   24-303
src/scripts/migrate_digests_markdown.py        154    154     0%   27-423
src/scripts/migrate_summaries_markdown.py      106    106     0%   26-300
src/services/__init__.py                         8      0   100%
src/services/chat_service.py                   141    115    18%   63, 83-108, 122-133, 146-195, 205-259, 269-332, 340-356, 365-380, 387-405
src/services/content_service.py                 93     76    18%   30, 51-83, 94, 112-116, 129-137, 153-168, 181-194, 218-242, 262-279, 290-295, 311-324
src/services/file_storage.py                   307    224    27%   134, 169-180, 184, 193-202, 212-229, 238-258, 262-271, 275-285, 289-290, 294-295, 299-304, 308, 343-360, 367, 372, 377-398, 402-405, 415-432, 437-444, 449-457, 462-469, 473-475, 488-495, 499, 553-617, 636-653, 665-675, 679, 716-770, 783-804, 815, 819, 850-871, 892-894, 907
src/services/html_processor.py                  85     85     0%   8-242
src/services/image_extractor.py                210    165    21%   66, 88-90, 94-100, 104-106, 109, 112, 124-139, 151-160, 164-168, 172-179, 197-232, 236-261, 281-310, 327-387, 410-460, 474-486
src/services/llm_router.py                     270    224    17%   120, 131-132, 143-144, 162-170, 184-186, 198-199, 230-267, 299-361, 385-403, 418-439, 451-468, 490-568, 591-625, 647-741, 763-786, 798-817, 839-920
src/services/prompt_service.py                  73     54    26%   40-41, 45-58, 69-70, 82-83, 96-102, 115-121, 133-141, 149-151, 162-166, 180-216, 221
src/services/review_service.py                  91     70    23%   35-39, 47-58, 69-77, 98-114, 134-147, 170-192, 217-268, 293-313, 343, 359
src/services/script_review_service.py          127    101    20%   61-72, 80-91, 102-112, 123-133, 150-166, 229-301, 315-326, 350-359, 377-386, 407-431, 439-467, 482-485
src/services/tavily_service.py                  34     34     0%   3-87
src/services/url_extractor.py                  116    116     0%   7-333
src/storage/__init__.py                          0      0   100%
src/storage/database.py                         89     56    37%   36-47, 60-69, 79, 87, 100, 117-119, 128-130, 136-144, 149, 158-159, 168, 179-191, 209-210, 223-232, 244-245
src/storage/graphiti_client.py                 124     93    25%   48-90, 98-100, 120-140, 144-176, 193-201, 223-248, 265-293, 302, 324-333, 353-364, 383-438, 455-484, 503-517, 531, 535
src/storage/providers/__init__.py                8      0   100%
src/storage/providers/base.py                   11      0   100%
src/storage/providers/factory.py                23     15    35%   41-50, 96-132
src/storage/providers/local.py                  25     13    48%   21, 26, 30, 38, 55-60, 71, 83, 101
src/storage/providers/neon.py                   59     40    32%   39-45, 50, 61-64, 75, 88-102, 115-119, 133-137, 151-154, 168, 192-198, 214, 227, 248
src/storage/providers/neon_branch.py           208    165    21%   48-50, 57-58, 93-101, 105-111, 118-129, 133-135, 139, 143, 165-223, 234-238, 263-333, 344-355, 363-383, 394-400, 418-447, 473-496, 511-533, 555-573
src/storage/providers/railway.py                40     24    40%   40, 45, 63-69, 87-92, 115-121, 136, 150-153, 176, 187, 198, 209
src/storage/providers/supabase.py               54     39    28%   48-54, 59, 64, 74-90, 108-123, 147-153, 167-174, 193-199, 212-222, 243
src/tasks/__init__.py                            2      2     0%   7-9
src/tasks/content.py                            70     70     0%   7-146
src/telemetry/__init__.py                       31     31     0%   10-90
src/telemetry/log_setup.py                      59     59     0%   15-147
src/telemetry/metrics.py                        48     48     0%   12-125
src/telemetry/otel_setup.py                     80     80     0%   10-188
src/telemetry/providers/__init__.py              4      4     0%   10-14
src/telemetry/providers/base.py                 13     13     0%   7-89
src/telemetry/providers/braintrust.py           72     72     0%   14-174
src/telemetry/providers/factory.py              20     20     0%   7-69
src/telemetry/providers/noop.py                 14     14     0%   7-59
src/telemetry/providers/opik.py                124    124     0%   11-235
src/telemetry/providers/otel_provider.py       112    112     0%   9-205
src/utils/__init__.py                            0      0   100%
src/utils/content_hash.py                       59     50    15%   28-71, 84-85, 102-116, 133-134, 156-185, 202-203, 218
src/utils/digest_formatter.py                  257    257     0%   3-631
src/utils/digest_markdown.py                   161    151     6%   25-27, 64-137, 150-178, 196-215, 229-247, 266-280, 294-340, 352-375
src/utils/html_parser.py                        95     86     9%   22-44, 58-92, 106-132, 148-181, 194-229
src/utils/logging.py                            57     43    25%   57-91, 102, 108-115, 125-155
src/utils/markdown.py                          211    185    12%   89-141, 167-193, 219-255, 280-300, 331-374, 390-394, 406-420, 428-432, 441-444, 449-472, 481-507, 518-526
src/utils/security.py                           42     42     0%   3-79
src/utils/summary_markdown.py                   99     93     6%   48-113, 128-143, 161-171, 185-233
src/utils/token_counter.py                      99     87    12%   31-46, 60-69, 90-155, 185-233, 252-270, 281, 289
src/utils/youtube_links.py                      66     51    23%   27, 45-53, 71-84, 96-101, 113, 131-140, 160-171, 195-197, 225-231
src/worker.py                                   34     34     0%   15-80
--------------------------------------------------------------------------
TOTAL                                        14005  10553    25%
=========================== short test summary info ============================
ERROR tests/api/test_content_api.py::TestListContents::test_list_contents_empty
======================== 13 warnings, 1 error in 3.43s =========================
